// Jest Snapshot v1, https://goo.gl/fbAQLP

exports[`sorting User navigates to sorting 1`] = `
<SafeAreaView
  style={
    Object {
      "backgroundColor": "#ffffffff",
      "flex": 1,
      "marginLeft": "auto",
      "marginRight": "auto",
      "maxWidth": 650,
      "width": "100%",
    }
  }
>
  <View
    style={
      Object {
        "backgroundColor": "#FFF",
        "borderBottomColor": "#ccc",
        "borderBottomWidth": 1,
        "display": "flex",
        "elevation": 1,
        "flexDirection": "row",
        "shadowColor": "black",
        "shadowOffset": Object {
          "height": 2,
          "width": 2,
        },
        "shadowOpacity": 1,
      }
    }
  >
    <TouchableOpacity
      activeOpacity={0.2}
      onPress={[Function]}
      style={
        Array [
          Object {
            "alignItems": "center",
            "justifyContent": "center",
            "marginVertical": 12,
            "paddingVertical": 5,
            "width": "100%",
          },
          Object {
            "display": "flex",
            "flexDirection": "row",
          },
        ]
      }
      testID="sortModalOpen"
    >
      <Icon
        allowFontScaling={false}
        color="#808080"
        name="sort-amount-asc"
        size={15}
        style={
          Object {
            "marginRight": 12,
          }
        }
      />
      <Text
        style={
          Object {
            "color": "#000",
            "fontSize": 16,
            "textAlign": "center",
          }
        }
      >
        Sort
      </Text>
    </TouchableOpacity>
  </View>
  <ScrollViewMock
    keyboardShouldPersistTaps="always"
  >
    <TouchableWithoutFeedback
      onPress={[Function]}
    >
      <View>
        <View
          style={
            Array [
              Object {
                "backgroundColor": "white",
                "flex": 1,
                "justifyContent": "center",
                "width": "100%",
              },
              Object {
                "display": "flex",
                "flexDirection": "row",
              },
            ]
          }
        >
          <FlatList
            columnWrapperStyle={
              Object {
                "flex": 1,
                "justifyContent": "space-between",
              }
            }
            data=""
            disableVirtualization={false}
            extraData={
              Object {
                "data": "",
                "isVisible": false,
                "newestProduct": false,
                "popular": false,
                "priceHightoLow": false,
                "priceLowtoHigh": false,
                "token": "",
              }
            }
            horizontal={false}
            initialNumToRender={10}
            keyExtractor={[Function]}
            maxToRenderPerBatch={10}
            numColumns={2}
            onEndReachedThreshold={2}
            removeClippedSubviews={false}
            renderItem={[Function]}
            scrollEventThrottle={50}
            updateCellsBatchingPeriod={50}
            windowSize={21}
          />
        </View>
      </View>
    </TouchableWithoutFeedback>
  </ScrollViewMock>
  <ReactNativeModal
    animationIn="slideInUp"
    animationInTiming={300}
    animationOut="slideOutDown"
    animationOutTiming={500}
    avoidKeyboard={false}
    backdropColor="black"
    backdropOpacity={0.7}
    backdropTransitionInTiming={300}
    backdropTransitionOutTiming={0}
    coverScreen={true}
    customBackdrop={null}
    deviceHeight={null}
    deviceWidth={null}
    hasBackdrop={true}
    hideModalContentWhileAnimating={false}
    isVisible={false}
    onBackButtonPress={[Function]}
    onBackdropPress={[Function]}
    onModalHide={[Function]}
    onModalShow={[Function]}
    onModalWillHide={[Function]}
    onModalWillShow={[Function]}
    panResponderThreshold={4}
    propagateSwipe={false}
    scrollHorizontal={false}
    scrollOffset={0}
    scrollOffsetMax={0}
    scrollTo={null}
    style={
      Object {
        "justifyContent": "flex-end",
        "margin": 0,
        "marginBottom": -20,
        "width": "100%",
      }
    }
    supportedOrientations={
      Array [
        "portrait",
        "landscape",
      ]
    }
    swipeThreshold={100}
    useNativeDriver={false}
  >
    <View
      style={
        Object {
          "backgroundColor": "white",
          "minHeight": 260,
          "padding": 15,
          "position": "relative",
        }
      }
    >
      <Icon
        allowFontScaling={false}
        color="#808080"
        name="close"
        onPress={[Function]}
        size={20}
        style={
          Object {
            "fontWeight": "normal",
            "position": "absolute",
            "right": 15,
            "top": 15,
            "zIndex": 999,
          }
        }
      />
      <Text
        style={
          Object {
            "color": "#000",
            "fontSize": 18,
            "marginBottom": 15,
          }
        }
      >
        Sort by
      </Text>
      <TouchableOpacity
        activeOpacity={0.2}
        onPress={[Function]}
        style={
          Array [
            Object {
              "alignItems": "center",
              "paddingVertical": 8,
              "position": "relative",
            },
            Object {
              "display": "flex",
              "flexDirection": "row",
            },
          ]
        }
        testID="sortPriceAsc"
      >
        <Icon
          allowFontScaling={false}
          color="#808080"
          name="sort-amount-asc"
          size={15}
          style={
            Object {
              "marginRight": 12,
            }
          }
        />
        <Text
          style={
            Object {
              "color": "#696969",
              "fontSize": 16,
            }
          }
        >
          Price Low to High
        </Text>
      </TouchableOpacity>
      <TouchableOpacity
        activeOpacity={0.2}
        onPress={[Function]}
        style={
          Array [
            Object {
              "alignItems": "center",
              "paddingVertical": 8,
              "position": "relative",
            },
            Object {
              "display": "flex",
              "flexDirection": "row",
            },
          ]
        }
        testID="sortPriceDesc"
      >
        <Icon
          allowFontScaling={false}
          color="#808080"
          name="sort-amount-desc"
          size={15}
          style={
            Object {
              "marginRight": 12,
            }
          }
        />
        <Text
          style={
            Object {
              "color": "#696969",
              "fontSize": 16,
            }
          }
        >
          Price High to Low
        </Text>
      </TouchableOpacity>
      <TouchableOpacity
        activeOpacity={0.2}
        onPress={[Function]}
        style={
          Array [
            Object {
              "alignItems": "center",
              "paddingVertical": 8,
              "position": "relative",
            },
            Object {
              "display": "flex",
              "flexDirection": "row",
            },
          ]
        }
        testID="sortNewest"
      >
        <Icon
          allowFontScaling={false}
          color="#808080"
          name="product-hunt"
          size={15}
          style={
            Object {
              "marginRight": 12,
            }
          }
        />
        <Text
          style={
            Object {
              "color": "#696969",
              "fontSize": 16,
            }
          }
        >
          Newest Products
        </Text>
      </TouchableOpacity>
      <TouchableOpacity
        activeOpacity={0.2}
        onPress={[Function]}
        style={
          Array [
            Object {
              "alignItems": "center",
              "paddingVertical": 8,
              "position": "relative",
            },
            Object {
              "display": "flex",
              "flexDirection": "row",
            },
          ]
        }
        testID="sortPopularity"
      >
        <Icon
          allowFontScaling={false}
          color="#808080"
          name="fire"
          size={15}
          style={
            Object {
              "marginRight": 12,
            }
          }
        />
        <Text
          style={
            Object {
              "color": "#696969",
              "fontSize": 16,
            }
          }
        >
          Popularity
        </Text>
      </TouchableOpacity>
    </View>
  </ReactNativeModal>
</SafeAreaView>
`;

exports[`sorting User navigates to sorting 2`] = `
<SafeAreaView
  style={
    Object {
      "backgroundColor": "#ffffffff",
      "flex": 1,
      "marginLeft": "auto",
      "marginRight": "auto",
      "maxWidth": 650,
      "width": "100%",
    }
  }
>
  <View
    style={
      Object {
        "backgroundColor": "#FFF",
        "borderBottomColor": "#ccc",
        "borderBottomWidth": 1,
        "display": "flex",
        "elevation": 1,
        "flexDirection": "row",
        "shadowColor": "black",
        "shadowOffset": Object {
          "height": 2,
          "width": 2,
        },
        "shadowOpacity": 1,
      }
    }
  >
    <TouchableOpacity
      activeOpacity={0.2}
      onPress={[Function]}
      style={
        Array [
          Object {
            "alignItems": "center",
            "justifyContent": "center",
            "marginVertical": 12,
            "paddingVertical": 5,
            "width": "100%",
          },
          Object {
            "display": "flex",
            "flexDirection": "row",
          },
        ]
      }
      testID="sortModalOpen"
    >
      <Icon
        allowFontScaling={false}
        color="#808080"
        name="sort-amount-asc"
        size={15}
        style={
          Object {
            "marginRight": 12,
          }
        }
      />
      <Text
        style={
          Object {
            "color": "#000",
            "fontSize": 16,
            "textAlign": "center",
          }
        }
      >
        Sort
      </Text>
    </TouchableOpacity>
  </View>
  <ScrollViewMock
    keyboardShouldPersistTaps="always"
  >
    <TouchableWithoutFeedback
      onPress={[Function]}
    >
      <View>
        <View
          style={
            Array [
              Object {
                "backgroundColor": "white",
                "flex": 1,
                "justifyContent": "center",
                "width": "100%",
              },
              Object {
                "display": "flex",
                "flexDirection": "row",
              },
            ]
          }
        >
          <FlatList
            columnWrapperStyle={
              Object {
                "flex": 1,
                "justifyContent": "space-between",
              }
            }
            data=""
            disableVirtualization={false}
            extraData={
              Object {
                "data": "",
                "isVisible": false,
                "newestProduct": false,
                "popular": false,
                "priceHightoLow": false,
                "priceLowtoHigh": false,
                "token": "",
              }
            }
            horizontal={false}
            initialNumToRender={10}
            keyExtractor={[Function]}
            maxToRenderPerBatch={10}
            numColumns={2}
            onEndReachedThreshold={2}
            removeClippedSubviews={false}
            renderItem={[Function]}
            scrollEventThrottle={50}
            updateCellsBatchingPeriod={50}
            windowSize={21}
          />
        </View>
      </View>
    </TouchableWithoutFeedback>
  </ScrollViewMock>
  <ReactNativeModal
    animationIn="slideInUp"
    animationInTiming={300}
    animationOut="slideOutDown"
    animationOutTiming={500}
    avoidKeyboard={false}
    backdropColor="black"
    backdropOpacity={0.7}
    backdropTransitionInTiming={300}
    backdropTransitionOutTiming={0}
    coverScreen={true}
    customBackdrop={null}
    deviceHeight={null}
    deviceWidth={null}
    hasBackdrop={true}
    hideModalContentWhileAnimating={false}
    isVisible={false}
    onBackButtonPress={[Function]}
    onBackdropPress={[Function]}
    onModalHide={[Function]}
    onModalShow={[Function]}
    onModalWillHide={[Function]}
    onModalWillShow={[Function]}
    panResponderThreshold={4}
    propagateSwipe={false}
    scrollHorizontal={false}
    scrollOffset={0}
    scrollOffsetMax={0}
    scrollTo={null}
    style={
      Object {
        "justifyContent": "flex-end",
        "margin": 0,
        "marginBottom": -20,
        "width": "100%",
      }
    }
    supportedOrientations={
      Array [
        "portrait",
        "landscape",
      ]
    }
    swipeThreshold={100}
    useNativeDriver={false}
  >
    <View
      style={
        Object {
          "backgroundColor": "white",
          "minHeight": 260,
          "padding": 15,
          "position": "relative",
        }
      }
    >
      <Icon
        allowFontScaling={false}
        color="#808080"
        name="close"
        onPress={[Function]}
        size={20}
        style={
          Object {
            "fontWeight": "normal",
            "position": "absolute",
            "right": 15,
            "top": 15,
            "zIndex": 999,
          }
        }
      />
      <Text
        style={
          Object {
            "color": "#000",
            "fontSize": 18,
            "marginBottom": 15,
          }
        }
      >
        Sort by
      </Text>
      <TouchableOpacity
        activeOpacity={0.2}
        onPress={[Function]}
        style={
          Array [
            Object {
              "alignItems": "center",
              "paddingVertical": 8,
              "position": "relative",
            },
            Object {
              "display": "flex",
              "flexDirection": "row",
            },
          ]
        }
        testID="sortPriceAsc"
      >
        <Icon
          allowFontScaling={false}
          color="#808080"
          name="sort-amount-asc"
          size={15}
          style={
            Object {
              "marginRight": 12,
            }
          }
        />
        <Text
          style={
            Object {
              "color": "#696969",
              "fontSize": 16,
            }
          }
        >
          Price Low to High
        </Text>
      </TouchableOpacity>
      <TouchableOpacity
        activeOpacity={0.2}
        onPress={[Function]}
        style={
          Array [
            Object {
              "alignItems": "center",
              "paddingVertical": 8,
              "position": "relative",
            },
            Object {
              "display": "flex",
              "flexDirection": "row",
            },
          ]
        }
        testID="sortPriceDesc"
      >
        <Icon
          allowFontScaling={false}
          color="#808080"
          name="sort-amount-desc"
          size={15}
          style={
            Object {
              "marginRight": 12,
            }
          }
        />
        <Text
          style={
            Object {
              "color": "#696969",
              "fontSize": 16,
            }
          }
        >
          Price High to Low
        </Text>
      </TouchableOpacity>
      <TouchableOpacity
        activeOpacity={0.2}
        onPress={[Function]}
        style={
          Array [
            Object {
              "alignItems": "center",
              "paddingVertical": 8,
              "position": "relative",
            },
            Object {
              "display": "flex",
              "flexDirection": "row",
            },
          ]
        }
        testID="sortNewest"
      >
        <Icon
          allowFontScaling={false}
          color="#808080"
          name="product-hunt"
          size={15}
          style={
            Object {
              "marginRight": 12,
            }
          }
        />
        <Text
          style={
            Object {
              "color": "#696969",
              "fontSize": 16,
            }
          }
        >
          Newest Products
        </Text>
      </TouchableOpacity>
      <TouchableOpacity
        activeOpacity={0.2}
        onPress={[Function]}
        style={
          Array [
            Object {
              "alignItems": "center",
              "paddingVertical": 8,
              "position": "relative",
            },
            Object {
              "display": "flex",
              "flexDirection": "row",
            },
          ]
        }
        testID="sortPopularity"
      >
        <Icon
          allowFontScaling={false}
          color="#808080"
          name="fire"
          size={15}
          style={
            Object {
              "marginRight": 12,
            }
          }
        />
        <Text
          style={
            Object {
              "color": "#696969",
              "fontSize": 16,
            }
          }
        >
          Popularity
        </Text>
      </TouchableOpacity>
    </View>
  </ReactNativeModal>
</SafeAreaView>
`;

exports[`sorting User navigates to sorting 3`] = `
<SafeAreaView
  style={
    Object {
      "backgroundColor": "#ffffffff",
      "flex": 1,
      "marginLeft": "auto",
      "marginRight": "auto",
      "maxWidth": 650,
      "width": "100%",
    }
  }
>
  <View
    style={
      Object {
        "backgroundColor": "#FFF",
        "borderBottomColor": "#ccc",
        "borderBottomWidth": 1,
        "display": "flex",
        "elevation": 1,
        "flexDirection": "row",
        "shadowColor": "black",
        "shadowOffset": Object {
          "height": 2,
          "width": 2,
        },
        "shadowOpacity": 1,
      }
    }
  >
    <TouchableOpacity
      activeOpacity={0.2}
      onPress={[Function]}
      style={
        Array [
          Object {
            "alignItems": "center",
            "justifyContent": "center",
            "marginVertical": 12,
            "paddingVertical": 5,
            "width": "100%",
          },
          Object {
            "display": "flex",
            "flexDirection": "row",
          },
        ]
      }
      testID="sortModalOpen"
    >
      <Icon
        allowFontScaling={false}
        color="#808080"
        name="sort-amount-asc"
        size={15}
        style={
          Object {
            "marginRight": 12,
          }
        }
      />
      <Text
        style={
          Object {
            "color": "#000",
            "fontSize": 16,
            "textAlign": "center",
          }
        }
      >
        Sort
      </Text>
    </TouchableOpacity>
  </View>
  <ScrollViewMock
    keyboardShouldPersistTaps="always"
  >
    <TouchableWithoutFeedback
      onPress={[Function]}
    >
      <View>
        <View
          style={
            Array [
              Object {
                "backgroundColor": "white",
                "flex": 1,
                "justifyContent": "center",
                "width": "100%",
              },
              Object {
                "display": "flex",
                "flexDirection": "row",
              },
            ]
          }
        >
          <FlatList
            columnWrapperStyle={
              Object {
                "flex": 1,
                "justifyContent": "space-between",
              }
            }
            data=""
            disableVirtualization={false}
            extraData={
              Object {
                "data": "",
                "isVisible": false,
                "newestProduct": false,
                "popular": false,
                "priceHightoLow": false,
                "priceLowtoHigh": false,
                "token": "",
              }
            }
            horizontal={false}
            initialNumToRender={10}
            keyExtractor={[Function]}
            maxToRenderPerBatch={10}
            numColumns={2}
            onEndReachedThreshold={2}
            removeClippedSubviews={false}
            renderItem={[Function]}
            scrollEventThrottle={50}
            updateCellsBatchingPeriod={50}
            windowSize={21}
          />
        </View>
      </View>
    </TouchableWithoutFeedback>
  </ScrollViewMock>
  <ReactNativeModal
    animationIn="slideInUp"
    animationInTiming={300}
    animationOut="slideOutDown"
    animationOutTiming={500}
    avoidKeyboard={false}
    backdropColor="black"
    backdropOpacity={0.7}
    backdropTransitionInTiming={300}
    backdropTransitionOutTiming={0}
    coverScreen={true}
    customBackdrop={null}
    deviceHeight={null}
    deviceWidth={null}
    hasBackdrop={true}
    hideModalContentWhileAnimating={false}
    isVisible={false}
    onBackButtonPress={[Function]}
    onBackdropPress={[Function]}
    onModalHide={[Function]}
    onModalShow={[Function]}
    onModalWillHide={[Function]}
    onModalWillShow={[Function]}
    panResponderThreshold={4}
    propagateSwipe={false}
    scrollHorizontal={false}
    scrollOffset={0}
    scrollOffsetMax={0}
    scrollTo={null}
    style={
      Object {
        "justifyContent": "flex-end",
        "margin": 0,
        "marginBottom": -20,
        "width": "100%",
      }
    }
    supportedOrientations={
      Array [
        "portrait",
        "landscape",
      ]
    }
    swipeThreshold={100}
    useNativeDriver={false}
  >
    <View
      style={
        Object {
          "backgroundColor": "white",
          "minHeight": 260,
          "padding": 15,
          "position": "relative",
        }
      }
    >
      <Icon
        allowFontScaling={false}
        color="#808080"
        name="close"
        onPress={[Function]}
        size={20}
        style={
          Object {
            "fontWeight": "normal",
            "position": "absolute",
            "right": 15,
            "top": 15,
            "zIndex": 999,
          }
        }
      />
      <Text
        style={
          Object {
            "color": "#000",
            "fontSize": 18,
            "marginBottom": 15,
          }
        }
      >
        Sort by
      </Text>
      <TouchableOpacity
        activeOpacity={0.2}
        onPress={[Function]}
        style={
          Array [
            Object {
              "alignItems": "center",
              "paddingVertical": 8,
              "position": "relative",
            },
            Object {
              "display": "flex",
              "flexDirection": "row",
            },
          ]
        }
        testID="sortPriceAsc"
      >
        <Icon
          allowFontScaling={false}
          color="#808080"
          name="sort-amount-asc"
          size={15}
          style={
            Object {
              "marginRight": 12,
            }
          }
        />
        <Text
          style={
            Object {
              "color": "#696969",
              "fontSize": 16,
            }
          }
        >
          Price Low to High
        </Text>
      </TouchableOpacity>
      <TouchableOpacity
        activeOpacity={0.2}
        onPress={[Function]}
        style={
          Array [
            Object {
              "alignItems": "center",
              "paddingVertical": 8,
              "position": "relative",
            },
            Object {
              "display": "flex",
              "flexDirection": "row",
            },
          ]
        }
        testID="sortPriceDesc"
      >
        <Icon
          allowFontScaling={false}
          color="#808080"
          name="sort-amount-desc"
          size={15}
          style={
            Object {
              "marginRight": 12,
            }
          }
        />
        <Text
          style={
            Object {
              "color": "#696969",
              "fontSize": 16,
            }
          }
        >
          Price High to Low
        </Text>
      </TouchableOpacity>
      <TouchableOpacity
        activeOpacity={0.2}
        onPress={[Function]}
        style={
          Array [
            Object {
              "alignItems": "center",
              "paddingVertical": 8,
              "position": "relative",
            },
            Object {
              "display": "flex",
              "flexDirection": "row",
            },
          ]
        }
        testID="sortNewest"
      >
        <Icon
          allowFontScaling={false}
          color="#808080"
          name="product-hunt"
          size={15}
          style={
            Object {
              "marginRight": 12,
            }
          }
        />
        <Text
          style={
            Object {
              "color": "#696969",
              "fontSize": 16,
            }
          }
        >
          Newest Products
        </Text>
      </TouchableOpacity>
      <TouchableOpacity
        activeOpacity={0.2}
        onPress={[Function]}
        style={
          Array [
            Object {
              "alignItems": "center",
              "paddingVertical": 8,
              "position": "relative",
            },
            Object {
              "display": "flex",
              "flexDirection": "row",
            },
          ]
        }
        testID="sortPopularity"
      >
        <Icon
          allowFontScaling={false}
          color="#808080"
          name="fire"
          size={15}
          style={
            Object {
              "marginRight": 12,
            }
          }
        />
        <Text
          style={
            Object {
              "color": "#696969",
              "fontSize": 16,
            }
          }
        >
          Popularity
        </Text>
      </TouchableOpacity>
    </View>
  </ReactNativeModal>
</SafeAreaView>
`;
